// Vitest Snapshot v1, https://vitest.dev/guide/snapshot.html

exports[`top-level-function > invalid > const foo = (as: string, bar: number) => { return as + bar } 1`] = `"function foo (as: string, bar: number) { return as + bar }"`;

exports[`top-level-function > invalid > const foo = (x, y) => 
x + y 1`] = `
"function foo (x, y) {
  return x + y
}"
`;

exports[`top-level-function > invalid > const foo = <K, T extends Boolean>(as: string, bar: number): Omit<T, K> => 
as + bar 1`] = `
"function foo <K, T extends Boolean>(as: string, bar: number): Omit<T, K> {
  return as + bar
}"
`;

exports[`top-level-function > invalid > export const foo = () => 
({}) 1`] = `
"export function foo () {
  return {}
}"
`;

exports[`top-level-function > invalid > export const foo = () => {} 1`] = `"export function foo () {}"`;

exports[`top-level-function > invalid > export const foo = async () => 
({}) 1`] = `
"export async function foo () {
  return {}
}"
`;
